../Core/Src/main.c:93:6:CS43L22_Init	24	static
../Core/Src/main.c:168:6:CS43L22_Beep	32	static
../Core/Src/main.c:267:7:Play_Main	24	static
../Core/Src/main.c:264:6:Play_Jingle	16	static
../Core/Src/main.c:317:6:Play_Scale_Low	16	static
../Core/Src/main.c:341:6:Play_Scale_High	16	static
../Core/Src/main.c:366:6:Play_Octaves	8	static
../Core/Src/main.c:383:5:main	8	static
../Core/Src/main.c:446:6:SystemClock_Config	88	static
../Core/Src/main.c:497:13:MX_I2C1_Init	8	static
../Core/Src/main.c:531:13:MX_I2S3_Init	8	static
../Core/Src/main.c:563:13:MX_DMA_Init	16	static
../Core/Src/main.c:581:13:MX_GPIO_Init	48	static
../Core/Src/main.c:628:6:Error_Handler	4	static,ignoring_inline_asm
