Archive member included to satisfy reference by file (symbol)

c:/st/stm32cubeide_1.12.0/stm32cubeide/plugins/com.st.stm32cube.ide.mcu.externaltools.gnu-tools-for-stm32.10.3-2021.10.win32_1.0.200.202301161003/tools/bin/../lib/gcc/arm-none-eabi/10.3.1/../../../../arm-none-eabi/lib/thumb/v7e-m+fp/hard\libc_nano.a(lib_a-errno.o)
                              ./Core/Src/syscalls.o (__errno)
c:/st/stm32cubeide_1.12.0/stm32cubeide/plugins/com.st.stm32cube.ide.mcu.externaltools.gnu-tools-for-stm32.10.3-2021.10.win32_1.0.200.202301161003/tools/bin/../lib/gcc/arm-none-eabi/10.3.1/../../../../arm-none-eabi/lib/thumb/v7e-m+fp/hard\libc_nano.a(lib_a-exit.o)
                              c:/st/stm32cubeide_1.12.0/stm32cubeide/plugins/com.st.stm32cube.ide.mcu.externaltools.gnu-tools-for-stm32.10.3-2021.10.win32_1.0.200.202301161003/tools/bin/../lib/gcc/arm-none-eabi/10.3.1/../../../../arm-none-eabi/lib/thumb/v7e-m+fp/hard/crt0.o (exit)
c:/st/stm32cubeide_1.12.0/stm32cubeide/plugins/com.st.stm32cube.ide.mcu.externaltools.gnu-tools-for-stm32.10.3-2021.10.win32_1.0.200.202301161003/tools/bin/../lib/gcc/arm-none-eabi/10.3.1/../../../../arm-none-eabi/lib/thumb/v7e-m+fp/hard\libc_nano.a(lib_a-impure.o)
                              c:/st/stm32cubeide_1.12.0/stm32cubeide/plugins/com.st.stm32cube.ide.mcu.externaltools.gnu-tools-for-stm32.10.3-2021.10.win32_1.0.200.202301161003/tools/bin/../lib/gcc/arm-none-eabi/10.3.1/../../../../arm-none-eabi/lib/thumb/v7e-m+fp/hard\libc_nano.a(lib_a-exit.o) (_global_impure_ptr)
c:/st/stm32cubeide_1.12.0/stm32cubeide/plugins/com.st.stm32cube.ide.mcu.externaltools.gnu-tools-for-stm32.10.3-2021.10.win32_1.0.200.202301161003/tools/bin/../lib/gcc/arm-none-eabi/10.3.1/../../../../arm-none-eabi/lib/thumb/v7e-m+fp/hard\libc_nano.a(lib_a-init.o)
                              c:/st/stm32cubeide_1.12.0/stm32cubeide/plugins/com.st.stm32cube.ide.mcu.externaltools.gnu-tools-for-stm32.10.3-2021.10.win32_1.0.200.202301161003/tools/bin/../lib/gcc/arm-none-eabi/10.3.1/../../../../arm-none-eabi/lib/thumb/v7e-m+fp/hard/crt0.o (__libc_init_array)
c:/st/stm32cubeide_1.12.0/stm32cubeide/plugins/com.st.stm32cube.ide.mcu.externaltools.gnu-tools-for-stm32.10.3-2021.10.win32_1.0.200.202301161003/tools/bin/../lib/gcc/arm-none-eabi/10.3.1/../../../../arm-none-eabi/lib/thumb/v7e-m+fp/hard\libc_nano.a(lib_a-memset.o)
                              c:/st/stm32cubeide_1.12.0/stm32cubeide/plugins/com.st.stm32cube.ide.mcu.externaltools.gnu-tools-for-stm32.10.3-2021.10.win32_1.0.200.202301161003/tools/bin/../lib/gcc/arm-none-eabi/10.3.1/../../../../arm-none-eabi/lib/thumb/v7e-m+fp/hard/crt0.o (memset)
c:/st/stm32cubeide_1.12.0/stm32cubeide/plugins/com.st.stm32cube.ide.mcu.externaltools.gnu-tools-for-stm32.10.3-2021.10.win32_1.0.200.202301161003/tools/bin/../lib/gcc/arm-none-eabi/10.3.1/thumb/v7e-m+fp/hard\libgcc.a(_arm_muldf3.o)
                              ./Core/Src/main.o (__aeabi_dmul)
c:/st/stm32cubeide_1.12.0/stm32cubeide/plugins/com.st.stm32cube.ide.mcu.externaltools.gnu-tools-for-stm32.10.3-2021.10.win32_1.0.200.202301161003/tools/bin/../lib/gcc/arm-none-eabi/10.3.1/thumb/v7e-m+fp/hard\libgcc.a(_arm_addsubdf3.o)
                              ./Core/Src/main.o (__aeabi_f2d)
c:/st/stm32cubeide_1.12.0/stm32cubeide/plugins/com.st.stm32cube.ide.mcu.externaltools.gnu-tools-for-stm32.10.3-2021.10.win32_1.0.200.202301161003/tools/bin/../lib/gcc/arm-none-eabi/10.3.1/thumb/v7e-m+fp/hard\libgcc.a(_arm_truncdfsf2.o)
                              ./Core/Src/main.o (__aeabi_d2f)
c:/st/stm32cubeide_1.12.0/stm32cubeide/plugins/com.st.stm32cube.ide.mcu.externaltools.gnu-tools-for-stm32.10.3-2021.10.win32_1.0.200.202301161003/tools/bin/../lib/gcc/arm-none-eabi/10.3.1/thumb/v7e-m+fp/hard\libgcc.a(_aeabi_uldivmod.o)
                              ./Drivers/STM32F4xx_HAL_Driver/Src/stm32f4xx_hal_rcc.o (__aeabi_uldivmod)
c:/st/stm32cubeide_1.12.0/stm32cubeide/plugins/com.st.stm32cube.ide.mcu.externaltools.gnu-tools-for-stm32.10.3-2021.10.win32_1.0.200.202301161003/tools/bin/../lib/gcc/arm-none-eabi/10.3.1/thumb/v7e-m+fp/hard\libgcc.a(_udivmoddi4.o)
                              c:/st/stm32cubeide_1.12.0/stm32cubeide/plugins/com.st.stm32cube.ide.mcu.externaltools.gnu-tools-for-stm32.10.3-2021.10.win32_1.0.200.202301161003/tools/bin/../lib/gcc/arm-none-eabi/10.3.1/thumb/v7e-m+fp/hard\libgcc.a(_aeabi_uldivmod.o) (__udivmoddi4)
c:/st/stm32cubeide_1.12.0/stm32cubeide/plugins/com.st.stm32cube.ide.mcu.externaltools.gnu-tools-for-stm32.10.3-2021.10.win32_1.0.200.202301161003/tools/bin/../lib/gcc/arm-none-eabi/10.3.1/thumb/v7e-m+fp/hard\libgcc.a(_dvmd_tls.o)
                              c:/st/stm32cubeide_1.12.0/stm32cubeide/plugins/com.st.stm32cube.ide.mcu.externaltools.gnu-tools-for-stm32.10.3-2021.10.win32_1.0.200.202301161003/tools/bin/../lib/gcc/arm-none-eabi/10.3.1/thumb/v7e-m+fp/hard\libgcc.a(_aeabi_uldivmod.o) (__aeabi_ldiv0)

Discarded input sections

[...]
Memory Configuration

Name             Origin             Length             Attributes
RAM              0x0000000020000000 0x0000000000020000 xrw
FLASH            0x0000000008000000 0x0000000000080000 xr
*default*        0x0000000000000000 0xffffffffffffffff

Linker script and memory map

LOAD c:/st/stm32cubeide_1.12.0/stm32cubeide/plugins/com.st.stm32cube.ide.mcu.externaltools.gnu-tools-for-stm32.10.3-2021.10.win32_1.0.200.202301161003/tools/bin/../lib/gcc/arm-none-eabi/10.3.1/thumb/v7e-m+fp/hard/crti.o
LOAD c:/st/stm32cubeide_1.12.0/stm32cubeide/plugins/com.st.stm32cube.ide.mcu.externaltools.gnu-tools-for-stm32.10.3-2021.10.win32_1.0.200.202301161003/tools/bin/../lib/gcc/arm-none-eabi/10.3.1/thumb/v7e-m+fp/hard/crtbegin.o
LOAD c:/st/stm32cubeide_1.12.0/stm32cubeide/plugins/com.st.stm32cube.ide.mcu.externaltools.gnu-tools-for-stm32.10.3-2021.10.win32_1.0.200.202301161003/tools/bin/../lib/gcc/arm-none-eabi/10.3.1/../../../../arm-none-eabi/lib/thumb/v7e-m+fp/hard/crt0.o
LOAD ./Core/Src/i3g4250d.o
LOAD ./Core/Src/l3gd20.o
LOAD ./Core/Src/main.o
LOAD ./Core/Src/stm32f411e_discovery.o
LOAD ./Core/Src/stm32f411e_discovery_gyroscope.o
LOAD ./Core/Src/stm32f4xx_hal_msp.o
LOAD ./Core/Src/stm32f4xx_it.o
LOAD ./Core/Src/syscalls.o
LOAD ./Core/Src/sysmem.o
LOAD ./Core/Src/system_stm32f4xx.o
LOAD ./Core/Startup/startup_stm32f411vetx.o
LOAD ./Drivers/BSP/Components/ak4343/ak4343.o
LOAD ./Drivers/BSP/Components/cs43l22/cs43l22.o
LOAD ./Drivers/BSP/Components/hx8347d/hx8347d.o
LOAD ./Drivers/BSP/Components/ili9320/ili9320.o
LOAD ./Drivers/BSP/Components/ili9325/ili9325.o
LOAD ./Drivers/BSP/Components/lis302dl/lis302dl.o
LOAD ./Drivers/BSP/Components/spfd5408/spfd5408.o
LOAD ./Drivers/BSP/Components/st7735/st7735.o
LOAD ./Drivers/BSP/Components/stlm75/stlm75.o
LOAD ./Drivers/BSP/Components/stmpe811/stmpe811.o
LOAD ./Drivers/STM32F4xx_HAL_Driver/Src/stm32f4xx_hal.o
LOAD ./Drivers/STM32F4xx_HAL_Driver/Src/stm32f4xx_hal_cortex.o
LOAD ./Drivers/STM32F4xx_HAL_Driver/Src/stm32f4xx_hal_dma.o
LOAD ./Drivers/STM32F4xx_HAL_Driver/Src/stm32f4xx_hal_dma_ex.o
LOAD ./Drivers/STM32F4xx_HAL_Driver/Src/stm32f4xx_hal_exti.o
LOAD ./Drivers/STM32F4xx_HAL_Driver/Src/stm32f4xx_hal_flash.o
LOAD ./Drivers/STM32F4xx_HAL_Driver/Src/stm32f4xx_hal_flash_ex.o
LOAD ./Drivers/STM32F4xx_HAL_Driver/Src/stm32f4xx_hal_flash_ramfunc.o
LOAD ./Drivers/STM32F4xx_HAL_Driver/Src/stm32f4xx_hal_gpio.o
LOAD ./Drivers/STM32F4xx_HAL_Driver/Src/stm32f4xx_hal_pwr.o
LOAD ./Drivers/STM32F4xx_HAL_Driver/Src/stm32f4xx_hal_pwr_ex.o
LOAD ./Drivers/STM32F4xx_HAL_Driver/Src/stm32f4xx_hal_rcc.o
LOAD ./Drivers/STM32F4xx_HAL_Driver/Src/stm32f4xx_hal_rcc_ex.o
LOAD ./Drivers/STM32F4xx_HAL_Driver/Src/stm32f4xx_hal_spi.o
START GROUP
LOAD c:/st/stm32cubeide_1.12.0/stm32cubeide/plugins/com.st.stm32cube.ide.mcu.externaltools.gnu-tools-for-stm32.10.3-2021.10.win32_1.0.200.202301161003/tools/bin/../lib/gcc/arm-none-eabi/10.3.1/../../../../arm-none-eabi/lib/thumb/v7e-m+fp/hard\libc_nano.a
LOAD c:/st/stm32cubeide_1.12.0/stm32cubeide/plugins/com.st.stm32cube.ide.mcu.externaltools.gnu-tools-for-stm32.10.3-2021.10.win32_1.0.200.202301161003/tools/bin/../lib/gcc/arm-none-eabi/10.3.1/../../../../arm-none-eabi/lib/thumb/v7e-m+fp/hard\libm.a
END GROUP
START GROUP
LOAD c:/st/stm32cubeide_1.12.0/stm32cubeide/plugins/com.st.stm32cube.ide.mcu.externaltools.gnu-tools-for-stm32.10.3-2021.10.win32_1.0.200.202301161003/tools/bin/../lib/gcc/arm-none-eabi/10.3.1/thumb/v7e-m+fp/hard\libgcc.a
LOAD c:/st/stm32cubeide_1.12.0/stm32cubeide/plugins/com.st.stm32cube.ide.mcu.externaltools.gnu-tools-for-stm32.10.3-2021.10.win32_1.0.200.202301161003/tools/bin/../lib/gcc/arm-none-eabi/10.3.1/../../../../arm-none-eabi/lib/thumb/v7e-m+fp/hard\libc_nano.a
END GROUP
START GROUP
LOAD c:/st/stm32cubeide_1.12.0/stm32cubeide/plugins/com.st.stm32cube.ide.mcu.externaltools.gnu-tools-for-stm32.10.3-2021.10.win32_1.0.200.202301161003/tools/bin/../lib/gcc/arm-none-eabi/10.3.1/thumb/v7e-m+fp/hard\libgcc.a
LOAD c:/st/stm32cubeide_1.12.0/stm32cubeide/plugins/com.st.stm32cube.ide.mcu.externaltools.gnu-tools-for-stm32.10.3-2021.10.win32_1.0.200.202301161003/tools/bin/../lib/gcc/arm-none-eabi/10.3.1/../../../../arm-none-eabi/lib/thumb/v7e-m+fp/hard\libc_nano.a
LOAD c:/st/stm32cubeide_1.12.0/stm32cubeide/plugins/com.st.stm32cube.ide.mcu.externaltools.gnu-tools-for-stm32.10.3-2021.10.win32_1.0.200.202301161003/tools/bin/../lib/gcc/arm-none-eabi/10.3.1/../../../../arm-none-eabi/lib/thumb/v7e-m+fp/hard\libnosys.a
END GROUP
START GROUP
LOAD c:/st/stm32cubeide_1.12.0/stm32cubeide/plugins/com.st.stm32cube.ide.mcu.externaltools.gnu-tools-for-stm32.10.3-2021.10.win32_1.0.200.202301161003/tools/bin/../lib/gcc/arm-none-eabi/10.3.1/thumb/v7e-m+fp/hard\libgcc.a
LOAD c:/st/stm32cubeide_1.12.0/stm32cubeide/plugins/com.st.stm32cube.ide.mcu.externaltools.gnu-tools-for-stm32.10.3-2021.10.win32_1.0.200.202301161003/tools/bin/../lib/gcc/arm-none-eabi/10.3.1/../../../../arm-none-eabi/lib/thumb/v7e-m+fp/hard\libc_nano.a
LOAD c:/st/stm32cubeide_1.12.0/stm32cubeide/plugins/com.st.stm32cube.ide.mcu.externaltools.gnu-tools-for-stm32.10.3-2021.10.win32_1.0.200.202301161003/tools/bin/../lib/gcc/arm-none-eabi/10.3.1/../../../../arm-none-eabi/lib/thumb/v7e-m+fp/hard\libnosys.a
END GROUP
LOAD c:/st/stm32cubeide_1.12.0/stm32cubeide/plugins/com.st.stm32cube.ide.mcu.externaltools.gnu-tools-for-stm32.10.3-2021.10.win32_1.0.200.202301161003/tools/bin/../lib/gcc/arm-none-eabi/10.3.1/thumb/v7e-m+fp/hard/crtend.o
LOAD c:/st/stm32cubeide_1.12.0/stm32cubeide/plugins/com.st.stm32cube.ide.mcu.externaltools.gnu-tools-for-stm32.10.3-2021.10.win32_1.0.200.202301161003/tools/bin/../lib/gcc/arm-none-eabi/10.3.1/thumb/v7e-m+fp/hard/crtn.o
                0x0000000020020000                _estack = (ORIGIN (RAM) + LENGTH (RAM))
                0x0000000000000200                _Min_Heap_Size = 0x200
                0x0000000000000400                _Min_Stack_Size = 0x400

.isr_vector     0x0000000008000000      0x198
                0x0000000008000000                . = ALIGN (0x4)
 *(.isr_vector)
 .isr_vector    0x0000000008000000      0x198 ./Core/Startup/startup_stm32f411vetx.o
                0x0000000008000000                g_pfnVectors
                0x0000000008000198                . = ALIGN (0x4)

.text           0x0000000008000198     0x3190
                0x0000000008000198                . = ALIGN (0x4)
 *(.text)
 .text          0x0000000008000198       0x40 c:/st/stm32cubeide_1.12.0/stm32cubeide/plugins/com.st.stm32cube.ide.mcu.externaltools.gnu-tools-for-stm32.10.3-2021.10.win32_1.0.200.202301161003/tools/bin/../lib/gcc/arm-none-eabi/10.3.1/thumb/v7e-m+fp/hard/crtbegin.o
 .text          0x00000000080001d8      0x254 c:/st/stm32cubeide_1.12.0/stm32cubeide/plugins/com.st.stm32cube.ide.mcu.externaltools.gnu-tools-for-stm32.10.3-2021.10.win32_1.0.200.202301161003/tools/bin/../lib/gcc/arm-none-eabi/10.3.1/thumb/v7e-m+fp/hard\libgcc.a(_arm_muldf3.o)
                0x00000000080001d8                __muldf3
                0x00000000080001d8                __aeabi_dmul
 .text          0x000000000800042c      0x378 c:/st/stm32cubeide_1.12.0/stm32cubeide/plugins/com.st.stm32cube.ide.mcu.externaltools.gnu-tools-for-stm32.10.3-2021.10.win32_1.0.200.202301161003/tools/bin/../lib/gcc/arm-none-eabi/10.3.1/thumb/v7e-m+fp/hard\libgcc.a(_arm_addsubdf3.o)
                0x000000000800042c                __aeabi_drsub
                0x0000000008000434                __aeabi_dsub
                0x0000000008000434                __subdf3
                0x0000000008000438                __aeabi_dadd
                0x0000000008000438                __adddf3
                0x00000000080006b0                __floatunsidf
                0x00000000080006b0                __aeabi_ui2d
                0x00000000080006d0                __floatsidf
                0x00000000080006d0                __aeabi_i2d
                0x00000000080006f4                __aeabi_f2d
                0x00000000080006f4                __extendsfdf2
                0x0000000008000738                __floatundidf
                0x0000000008000738                __aeabi_ul2d
                0x0000000008000748                __floatdidf
                0x0000000008000748                __aeabi_l2d
 .text          0x00000000080007a4       0xa0 c:/st/stm32cubeide_1.12.0/stm32cubeide/plugins/com.st.stm32cube.ide.mcu.externaltools.gnu-tools-for-stm32.10.3-2021.10.win32_1.0.200.202301161003/tools/bin/../lib/gcc/arm-none-eabi/10.3.1/thumb/v7e-m+fp/hard\libgcc.a(_arm_truncdfsf2.o)
                0x00000000080007a4                __truncdfsf2
                0x00000000080007a4                __aeabi_d2f
 .text          0x0000000008000844       0x30 c:/st/stm32cubeide_1.12.0/stm32cubeide/plugins/com.st.stm32cube.ide.mcu.externaltools.gnu-tools-for-stm32.10.3-2021.10.win32_1.0.200.202301161003/tools/bin/../lib/gcc/arm-none-eabi/10.3.1/thumb/v7e-m+fp/hard\libgcc.a(_aeabi_uldivmod.o)
                0x0000000008000844                __aeabi_uldivmod
 .text          0x0000000008000874      0x2d0 c:/st/stm32cubeide_1.12.0/stm32cubeide/plugins/com.st.stm32cube.ide.mcu.externaltools.gnu-tools-for-stm32.10.3-2021.10.win32_1.0.200.202301161003/tools/bin/../lib/gcc/arm-none-eabi/10.3.1/thumb/v7e-m+fp/hard\libgcc.a(_udivmoddi4.o)
                0x0000000008000874                __udivmoddi4
 .text          0x0000000008000b44        0x4 c:/st/stm32cubeide_1.12.0/stm32cubeide/plugins/com.st.stm32cube.ide.mcu.externaltools.gnu-tools-for-stm32.10.3-2021.10.win32_1.0.200.202301161003/tools/bin/../lib/gcc/arm-none-eabi/10.3.1/thumb/v7e-m+fp/hard\libgcc.a(_dvmd_tls.o)
                0x0000000008000b44                __aeabi_idiv0
                0x0000000008000b44                __aeabi_ldiv0
 *(.text*)
 .text.I3G4250D_Init
                0x0000000008000b48       0x46 ./Core/Src/i3g4250d.o
                0x0000000008000b48                I3G4250D_Init
 .text.I3G4250D_DeInit
                0x0000000008000b8e        0xe ./Core/Src/i3g4250d.o
                0x0000000008000b8e                I3G4250D_DeInit
 .text.I3G4250D_ReadID
                0x0000000008000b9c       0x20 ./Core/Src/i3g4250d.o
                0x0000000008000b9c                I3G4250D_ReadID
 .text.I3G4250D_RebootCmd
                0x0000000008000bbc       0x30 ./Core/Src/i3g4250d.o
                0x0000000008000bbc                I3G4250D_RebootCmd
 .text.I3G4250D_LowPower
                0x0000000008000bec       0x2a ./Core/Src/i3g4250d.o
                0x0000000008000bec                I3G4250D_LowPower
 .text.I3G4250D_INT1InterruptConfig
                0x0000000008000c16       0x86 ./Core/Src/i3g4250d.o
                0x0000000008000c16                I3G4250D_INT1InterruptConfig
 .text.I3G4250D_EnableIT
                0x0000000008000c9c       0x64 ./Core/Src/i3g4250d.o
                0x0000000008000c9c                I3G4250D_EnableIT
 .text.I3G4250D_DisableIT
                0x0000000008000d00       0x58 ./Core/Src/i3g4250d.o
                0x0000000008000d00                I3G4250D_DisableIT
 .text.I3G4250D_FilterConfig
                0x0000000008000d58       0x42 ./Core/Src/i3g4250d.o
                0x0000000008000d58                I3G4250D_FilterConfig
 .text.I3G4250D_FilterCmd
                0x0000000008000d9a       0x42 ./Core/Src/i3g4250d.o
                0x0000000008000d9a                I3G4250D_FilterCmd
 .text.I3G4250D_ReadXYZAngRate
                0x0000000008000ddc      0x158 ./Core/Src/i3g4250d.o
                0x0000000008000ddc                I3G4250D_ReadXYZAngRate
 .text.L3GD20_Init
                0x0000000008000f34       0x46 ./Core/Src/l3gd20.o
                0x0000000008000f34                L3GD20_Init
 .text.L3GD20_DeInit
                0x0000000008000f7a        0xe ./Core/Src/l3gd20.o
                0x0000000008000f7a                L3GD20_DeInit
 .text.L3GD20_ReadID
                0x0000000008000f88       0x20 ./Core/Src/l3gd20.o
                0x0000000008000f88                L3GD20_ReadID
 .text.L3GD20_RebootCmd
                0x0000000008000fa8       0x30 ./Core/Src/l3gd20.o
                0x0000000008000fa8                L3GD20_RebootCmd
 .text.L3GD20_LowPower
                0x0000000008000fd8       0x2a ./Core/Src/l3gd20.o
                0x0000000008000fd8                L3GD20_LowPower
 .text.L3GD20_INT1InterruptConfig
                0x0000000008001002       0x86 ./Core/Src/l3gd20.o
                0x0000000008001002                L3GD20_INT1InterruptConfig
 .text.L3GD20_EnableIT
                0x0000000008001088       0x64 ./Core/Src/l3gd20.o
                0x0000000008001088                L3GD20_EnableIT
 .text.L3GD20_DisableIT
                0x00000000080010ec       0x58 ./Core/Src/l3gd20.o
                0x00000000080010ec                L3GD20_DisableIT
 .text.L3GD20_FilterConfig
                0x0000000008001144       0x42 ./Core/Src/l3gd20.o
                0x0000000008001144                L3GD20_FilterConfig
 .text.L3GD20_FilterCmd
                0x0000000008001186       0x42 ./Core/Src/l3gd20.o
                0x0000000008001186                L3GD20_FilterCmd
 .text.L3GD20_ReadXYZAngRate
                0x00000000080011c8      0x158 ./Core/Src/l3gd20.o
                0x00000000080011c8                L3GD20_ReadXYZAngRate
 .text.main     0x0000000008001320      0x124 ./Core/Src/main.o
                0x0000000008001320                main
 .text.SystemClock_Config
                0x0000000008001444       0xbc ./Core/Src/main.o
                0x0000000008001444                SystemClock_Config
 .text.MX_SPI1_Init
                0x0000000008001500       0x6c ./Core/Src/main.o
 .text.MX_GPIO_Init
                0x000000000800156c       0xd0 ./Core/Src/main.o
 .text.Error_Handler
                0x000000000800163c        0xa ./Core/Src/main.o
                0x000000000800163c                Error_Handler
 *fill*         0x0000000008001646        0x2 
 .text.SPIx_Init
                0x0000000008001648       0x24 ./Core/Src/stm32f411e_discovery.o
 .text.SPIx_WriteRead
                0x000000000800166c       0x40 ./Core/Src/stm32f411e_discovery.o
 .text.SPIx_Error
                0x00000000080016ac       0x18 ./Core/Src/stm32f411e_discovery.o
 .text.SPIx_MspInit
                0x00000000080016c4       0x70 ./Core/Src/stm32f411e_discovery.o
 .text.GYRO_IO_Init
                0x0000000008001734       0x94 ./Core/Src/stm32f411e_discovery.o
                0x0000000008001734                GYRO_IO_Init
 .text.GYRO_IO_Write
                0x00000000080017c8       0x64 ./Core/Src/stm32f411e_discovery.o
                0x00000000080017c8                GYRO_IO_Write
 .text.GYRO_IO_Read
                0x000000000800182c       0x74 ./Core/Src/stm32f411e_discovery.o
                0x000000000800182c                GYRO_IO_Read
 .text.BSP_GYRO_Init
                0x00000000080018a0      0x16c ./Core/Src/stm32f411e_discovery_gyroscope.o
                0x00000000080018a0                BSP_GYRO_Init
 .text.BSP_GYRO_GetXYZ
                0x0000000008001a0c       0x28 ./Core/Src/stm32f411e_discovery_gyroscope.o
                0x0000000008001a0c                BSP_GYRO_GetXYZ
 .text.HAL_MspInit
                0x0000000008001a34       0x50 ./Core/Src/stm32f4xx_hal_msp.o
                0x0000000008001a34                HAL_MspInit
 .text.HAL_SPI_MspInit
                0x0000000008001a84       0x90 ./Core/Src/stm32f4xx_hal_msp.o
                0x0000000008001a84                HAL_SPI_MspInit
 .text.HAL_SPI_MspDeInit
                0x0000000008001b14       0x3c ./Core/Src/stm32f4xx_hal_msp.o
                0x0000000008001b14                HAL_SPI_MspDeInit
 .text.NMI_Handler
                0x0000000008001b50        0x6 ./Core/Src/stm32f4xx_it.o
                0x0000000008001b50                NMI_Handler
 .text.HardFault_Handler
                0x0000000008001b56        0x6 ./Core/Src/stm32f4xx_it.o
                0x0000000008001b56                HardFault_Handler
 .text.MemManage_Handler
                0x0000000008001b5c        0x6 ./Core/Src/stm32f4xx_it.o
                0x0000000008001b5c                MemManage_Handler
 .text.BusFault_Handler
                0x0000000008001b62        0x6 ./Core/Src/stm32f4xx_it.o
                0x0000000008001b62                BusFault_Handler
 .text.UsageFault_Handler
                0x0000000008001b68        0x6 ./Core/Src/stm32f4xx_it.o
                0x0000000008001b68                UsageFault_Handler
 .text.SVC_Handler
                0x0000000008001b6e        0xe ./Core/Src/stm32f4xx_it.o
                0x0000000008001b6e                SVC_Handler
 .text.DebugMon_Handler
                0x0000000008001b7c        0xe ./Core/Src/stm32f4xx_it.o
                0x0000000008001b7c                DebugMon_Handler
 .text.PendSV_Handler
                0x0000000008001b8a        0xe ./Core/Src/stm32f4xx_it.o
                0x0000000008001b8a                PendSV_Handler
 .text.SysTick_Handler
                0x0000000008001b98        0xc ./Core/Src/stm32f4xx_it.o
                0x0000000008001b98                SysTick_Handler
 .text.SystemInit
                0x0000000008001ba4       0x24 ./Core/Src/system_stm32f4xx.o
                0x0000000008001ba4                SystemInit
 .text.Reset_Handler
                0x0000000008001bc8       0x50 ./Core/Startup/startup_stm32f411vetx.o
                0x0000000008001bc8                Reset_Handler
 .text.Default_Handler
                0x0000000008001c18        0x2 ./Core/Startup/startup_stm32f411vetx.o
                0x0000000008001c18                RTC_Alarm_IRQHandler
                0x0000000008001c18                EXTI2_IRQHandler
                0x0000000008001c18                SPI4_IRQHandler
                0x0000000008001c18                TIM1_CC_IRQHandler
                0x0000000008001c18                DMA2_Stream5_IRQHandler
                0x0000000008001c18                DMA1_Stream5_IRQHandler
                0x0000000008001c18                PVD_IRQHandler
                0x0000000008001c18                SDIO_IRQHandler
                0x0000000008001c18                TAMP_STAMP_IRQHandler
                0x0000000008001c18                EXTI3_IRQHandler
                0x0000000008001c18                TIM1_UP_TIM10_IRQHandler
                0x0000000008001c18                I2C3_ER_IRQHandler
                0x0000000008001c18                EXTI0_IRQHandler
                0x0000000008001c18                I2C2_EV_IRQHandler
                0x0000000008001c18                DMA1_Stream2_IRQHandler
                0x0000000008001c18                FPU_IRQHandler
                0x0000000008001c18                DMA2_Stream2_IRQHandler
                0x0000000008001c18                SPI1_IRQHandler
                0x0000000008001c18                TIM1_BRK_TIM9_IRQHandler
                0x0000000008001c18                DMA2_Stream3_IRQHandler
                0x0000000008001c18                USART6_IRQHandler
                0x0000000008001c18                DMA2_Stream0_IRQHandler
                0x0000000008001c18                TIM4_IRQHandler
                0x0000000008001c18                I2C1_EV_IRQHandler
                0x0000000008001c18                DMA1_Stream6_IRQHandler
                0x0000000008001c18                DMA1_Stream1_IRQHandler
                0x0000000008001c18                TIM3_IRQHandler
                0x0000000008001c18                RCC_IRQHandler
                0x0000000008001c18                Default_Handler
                0x0000000008001c18                EXTI15_10_IRQHandler
                0x0000000008001c18                ADC_IRQHandler
                0x0000000008001c18                DMA1_Stream7_IRQHandler
                0x0000000008001c18                SPI5_IRQHandler
                0x0000000008001c18                TIM5_IRQHandler
                0x0000000008001c18                DMA2_Stream7_IRQHandler
                0x0000000008001c18                I2C3_EV_IRQHandler
                0x0000000008001c18                EXTI9_5_IRQHandler
                0x0000000008001c18                RTC_WKUP_IRQHandler
                0x0000000008001c18                SPI2_IRQHandler
                0x0000000008001c18                DMA1_Stream0_IRQHandler
                0x0000000008001c18                EXTI4_IRQHandler
                0x0000000008001c18                WWDG_IRQHandler
                0x0000000008001c18                TIM2_IRQHandler
                0x0000000008001c18                OTG_FS_WKUP_IRQHandler
                0x0000000008001c18                TIM1_TRG_COM_TIM11_IRQHandler
                0x0000000008001c18                EXTI1_IRQHandler
                0x0000000008001c18                USART2_IRQHandler
                0x0000000008001c18                I2C2_ER_IRQHandler
                0x0000000008001c18                DMA2_Stream1_IRQHandler
                0x0000000008001c18                FLASH_IRQHandler
                0x0000000008001c18                DMA2_Stream4_IRQHandler
                0x0000000008001c18                USART1_IRQHandler
                0x0000000008001c18                OTG_FS_IRQHandler
                0x0000000008001c18                SPI3_IRQHandler
                0x0000000008001c18                DMA1_Stream4_IRQHandler
                0x0000000008001c18                I2C1_ER_IRQHandler
                0x0000000008001c18                DMA2_Stream6_IRQHandler
                0x0000000008001c18                DMA1_Stream3_IRQHandler
 *fill*         0x0000000008001c1a        0x2 
 .text.HAL_Init
                0x0000000008001c1c       0x44 ./Drivers/STM32F4xx_HAL_Driver/Src/stm32f4xx_hal.o
                0x0000000008001c1c                HAL_Init
 .text.HAL_InitTick
                0x0000000008001c60       0x60 ./Drivers/STM32F4xx_HAL_Driver/Src/stm32f4xx_hal.o
                0x0000000008001c60                HAL_InitTick
 .text.HAL_IncTick
                0x0000000008001cc0       0x28 ./Drivers/STM32F4xx_HAL_Driver/Src/stm32f4xx_hal.o
                0x0000000008001cc0                HAL_IncTick
 .text.HAL_GetTick
                0x0000000008001ce8       0x18 ./Drivers/STM32F4xx_HAL_Driver/Src/stm32f4xx_hal.o
                0x0000000008001ce8                HAL_GetTick
 .text.HAL_Delay
                0x0000000008001d00       0x48 ./Drivers/STM32F4xx_HAL_Driver/Src/stm32f4xx_hal.o
                0x0000000008001d00                HAL_Delay
 .text.__NVIC_SetPriorityGrouping
                0x0000000008001d48       0x48 ./Drivers/STM32F4xx_HAL_Driver/Src/stm32f4xx_hal_cortex.o
 .text.__NVIC_GetPriorityGrouping
                0x0000000008001d90       0x1c ./Drivers/STM32F4xx_HAL_Driver/Src/stm32f4xx_hal_cortex.o
 .text.__NVIC_SetPriority
                0x0000000008001dac       0x54 ./Drivers/STM32F4xx_HAL_Driver/Src/stm32f4xx_hal_cortex.o
 .text.NVIC_EncodePriority
                0x0000000008001e00       0x66 ./Drivers/STM32F4xx_HAL_Driver/Src/stm32f4xx_hal_cortex.o
 *fill*         0x0000000008001e66        0x2 
 .text.SysTick_Config
                0x0000000008001e68       0x44 ./Drivers/STM32F4xx_HAL_Driver/Src/stm32f4xx_hal_cortex.o
 .text.HAL_NVIC_SetPriorityGrouping
                0x0000000008001eac       0x16 ./Drivers/STM32F4xx_HAL_Driver/Src/stm32f4xx_hal_cortex.o
                0x0000000008001eac                HAL_NVIC_SetPriorityGrouping
 .text.HAL_NVIC_SetPriority
                0x0000000008001ec2       0x38 ./Drivers/STM32F4xx_HAL_Driver/Src/stm32f4xx_hal_cortex.o
                0x0000000008001ec2                HAL_NVIC_SetPriority
 .text.HAL_SYSTICK_Config
                0x0000000008001efa       0x18 ./Drivers/STM32F4xx_HAL_Driver/Src/stm32f4xx_hal_cortex.o
                0x0000000008001efa                HAL_SYSTICK_Config
 *fill*         0x0000000008001f12        0x2 
 .text.HAL_GPIO_Init
                0x0000000008001f14      0x308 ./Drivers/STM32F4xx_HAL_Driver/Src/stm32f4xx_hal_gpio.o
                0x0000000008001f14                HAL_GPIO_Init
 .text.HAL_GPIO_DeInit
                0x000000000800221c      0x1c8 ./Drivers/STM32F4xx_HAL_Driver/Src/stm32f4xx_hal_gpio.o
                0x000000000800221c                HAL_GPIO_DeInit
 .text.HAL_GPIO_WritePin
                0x00000000080023e4       0x32 ./Drivers/STM32F4xx_HAL_Driver/Src/stm32f4xx_hal_gpio.o
                0x00000000080023e4                HAL_GPIO_WritePin
 *fill*         0x0000000008002416        0x2 
 .text.HAL_RCC_OscConfig
                0x0000000008002418      0x4f0 ./Drivers/STM32F4xx_HAL_Driver/Src/stm32f4xx_hal_rcc.o
                0x0000000008002418                HAL_RCC_OscConfig
 .text.HAL_RCC_ClockConfig
                0x0000000008002908      0x1cc ./Drivers/STM32F4xx_HAL_Driver/Src/stm32f4xx_hal_rcc.o
                0x0000000008002908                HAL_RCC_ClockConfig
 .text.HAL_RCC_GetSysClockFreq
                0x0000000008002ad4      0x18c ./Drivers/STM32F4xx_HAL_Driver/Src/stm32f4xx_hal_rcc.o
                0x0000000008002ad4                HAL_RCC_GetSysClockFreq
 .text.HAL_SPI_Init
                0x0000000008002c60      0x112 ./Drivers/STM32F4xx_HAL_Driver/Src/stm32f4xx_hal_spi.o
                0x0000000008002c60                HAL_SPI_Init
 .text.HAL_SPI_DeInit
                0x0000000008002d72       0x50 ./Drivers/STM32F4xx_HAL_Driver/Src/stm32f4xx_hal_spi.o
                0x0000000008002d72                HAL_SPI_DeInit
 .text.HAL_SPI_TransmitReceive
                0x0000000008002dc2      0x344 ./Drivers/STM32F4xx_HAL_Driver/Src/stm32f4xx_hal_spi.o
                0x0000000008002dc2                HAL_SPI_TransmitReceive
 .text.HAL_SPI_GetState
                0x0000000008003106       0x1c ./Drivers/STM32F4xx_HAL_Driver/Src/stm32f4xx_hal_spi.o
                0x0000000008003106                HAL_SPI_GetState
 *fill*         0x0000000008003122        0x2 
 .text.SPI_WaitFlagStateUntilTimeout
                0x0000000008003124      0x110 ./Drivers/STM32F4xx_HAL_Driver/Src/stm32f4xx_hal_spi.o
 .text.SPI_EndRxTxTransaction
                0x0000000008003234       0x84 ./Drivers/STM32F4xx_HAL_Driver/Src/stm32f4xx_hal_spi.o
 .text.__libc_init_array
                0x00000000080032b8       0x48 c:/st/stm32cubeide_1.12.0/stm32cubeide/plugins/com.st.stm32cube.ide.mcu.externaltools.gnu-tools-for-stm32.10.3-2021.10.win32_1.0.200.202301161003/tools/bin/../lib/gcc/arm-none-eabi/10.3.1/../../../../arm-none-eabi/lib/thumb/v7e-m+fp/hard\libc_nano.a(lib_a-init.o)
                0x00000000080032b8                __libc_init_array
 .text.memset   0x0000000008003300       0x10 c:/st/stm32cubeide_1.12.0/stm32cubeide/plugins/com.st.stm32cube.ide.mcu.externaltools.gnu-tools-for-stm32.10.3-2021.10.win32_1.0.200.202301161003/tools/bin/../lib/gcc/arm-none-eabi/10.3.1/../../../../arm-none-eabi/lib/thumb/v7e-m+fp/hard\libc_nano.a(lib_a-memset.o)
                0x0000000008003300                memset
 *(.glue_7)
 .glue_7        0x0000000008003310        0x0 linker stubs
 *(.glue_7t)
 .glue_7t       0x0000000008003310        0x0 linker stubs
 *(.eh_frame)
 .eh_frame      0x0000000008003310        0x0 c:/st/stm32cubeide_1.12.0/stm32cubeide/plugins/com.st.stm32cube.ide.mcu.externaltools.gnu-tools-for-stm32.10.3-2021.10.win32_1.0.200.202301161003/tools/bin/../lib/gcc/arm-none-eabi/10.3.1/thumb/v7e-m+fp/hard/crtbegin.o
 *(.init)
 .init          0x0000000008003310        0x4 c:/st/stm32cubeide_1.12.0/stm32cubeide/plugins/com.st.stm32cube.ide.mcu.externaltools.gnu-tools-for-stm32.10.3-2021.10.win32_1.0.200.202301161003/tools/bin/../lib/gcc/arm-none-eabi/10.3.1/thumb/v7e-m+fp/hard/crti.o
                0x0000000008003310                _init
 .init          0x0000000008003314        0x8 c:/st/stm32cubeide_1.12.0/stm32cubeide/plugins/com.st.stm32cube.ide.mcu.externaltools.gnu-tools-for-stm32.10.3-2021.10.win32_1.0.200.202301161003/tools/bin/../lib/gcc/arm-none-eabi/10.3.1/thumb/v7e-m+fp/hard/crtn.o
 *(.fini)
 .fini          0x000000000800331c        0x4 c:/st/stm32cubeide_1.12.0/stm32cubeide/plugins/com.st.stm32cube.ide.mcu.externaltools.gnu-tools-for-stm32.10.3-2021.10.win32_1.0.200.202301161003/tools/bin/../lib/gcc/arm-none-eabi/10.3.1/thumb/v7e-m+fp/hard/crti.o
                0x000000000800331c                _fini
 .fini          0x0000000008003320        0x8 c:/st/stm32cubeide_1.12.0/stm32cubeide/plugins/com.st.stm32cube.ide.mcu.externaltools.gnu-tools-for-stm32.10.3-2021.10.win32_1.0.200.202301161003/tools/bin/../lib/gcc/arm-none-eabi/10.3.1/thumb/v7e-m+fp/hard/crtn.o
                0x0000000008003328                . = ALIGN (0x4)
                0x0000000008003328                _etext = .

.vfp11_veneer   0x0000000008003328        0x0
 .vfp11_veneer  0x0000000008003328        0x0 linker stubs

.v4_bx          0x0000000008003328        0x0
 .v4_bx         0x0000000008003328        0x0 linker stubs

.iplt           0x0000000008003328        0x0
 .iplt          0x0000000008003328        0x0 c:/st/stm32cubeide_1.12.0/stm32cubeide/plugins/com.st.stm32cube.ide.mcu.externaltools.gnu-tools-for-stm32.10.3-2021.10.win32_1.0.200.202301161003/tools/bin/../lib/gcc/arm-none-eabi/10.3.1/thumb/v7e-m+fp/hard/crtbegin.o

.rodata         0x0000000008003328       0x10
                0x0000000008003328                . = ALIGN (0x4)
 *(.rodata)
 *(.rodata*)
 .rodata.AHBPrescTable
                0x0000000008003328       0x10 ./Core/Src/system_stm32f4xx.o
                0x0000000008003328                AHBPrescTable
                0x0000000008003338                . = ALIGN (0x4)

.ARM.extab      0x0000000008003338        0x0
                0x0000000008003338                . = ALIGN (0x4)
 *(.ARM.extab* .gnu.linkonce.armextab.*)
                0x0000000008003338                . = ALIGN (0x4)

.ARM            0x0000000008003338        0x8
                0x0000000008003338                . = ALIGN (0x4)
                0x0000000008003338                __exidx_start = .
 *(.ARM.exidx*)
 .ARM.exidx     0x0000000008003338        0x8 c:/st/stm32cubeide_1.12.0/stm32cubeide/plugins/com.st.stm32cube.ide.mcu.externaltools.gnu-tools-for-stm32.10.3-2021.10.win32_1.0.200.202301161003/tools/bin/../lib/gcc/arm-none-eabi/10.3.1/thumb/v7e-m+fp/hard\libgcc.a(_udivmoddi4.o)
                0x0000000008003340                __exidx_end = .
                0x0000000008003340                . = ALIGN (0x4)

.rel.dyn        0x0000000008003340        0x0
 .rel.iplt      0x0000000008003340        0x0 c:/st/stm32cubeide_1.12.0/stm32cubeide/plugins/com.st.stm32cube.ide.mcu.externaltools.gnu-tools-for-stm32.10.3-2021.10.win32_1.0.200.202301161003/tools/bin/../lib/gcc/arm-none-eabi/10.3.1/thumb/v7e-m+fp/hard/crtbegin.o

.preinit_array  0x0000000008003340        0x0
                0x0000000008003340                . = ALIGN (0x4)
                0x0000000008003340                PROVIDE (__preinit_array_start = .)
 *(.preinit_array*)
                0x0000000008003340                PROVIDE (__preinit_array_end = .)
                0x0000000008003340                . = ALIGN (0x4)

.init_array     0x0000000008003340        0x4
                0x0000000008003340                . = ALIGN (0x4)
                0x0000000008003340                PROVIDE (__init_array_start = .)
 *(SORT_BY_NAME(.init_array.*))
 *(.init_array*)
 .init_array    0x0000000008003340        0x4 c:/st/stm32cubeide_1.12.0/stm32cubeide/plugins/com.st.stm32cube.ide.mcu.externaltools.gnu-tools-for-stm32.10.3-2021.10.win32_1.0.200.202301161003/tools/bin/../lib/gcc/arm-none-eabi/10.3.1/thumb/v7e-m+fp/hard/crtbegin.o
                0x0000000008003344                PROVIDE (__init_array_end = .)
                0x0000000008003344                . = ALIGN (0x4)

.fini_array     0x0000000008003344        0x4
                0x0000000008003344                . = ALIGN (0x4)
                [!provide]                        PROVIDE (__fini_array_start = .)
 *(SORT_BY_NAME(.fini_array.*))
 *(.fini_array*)
 .fini_array    0x0000000008003344        0x4 c:/st/stm32cubeide_1.12.0/stm32cubeide/plugins/com.st.stm32cube.ide.mcu.externaltools.gnu-tools-for-stm32.10.3-2021.10.win32_1.0.200.202301161003/tools/bin/../lib/gcc/arm-none-eabi/10.3.1/thumb/v7e-m+fp/hard/crtbegin.o
                [!provide]                        PROVIDE (__fini_array_end = .)
                0x0000000008003348                . = ALIGN (0x4)
                0x0000000008003348                _sidata = LOADADDR (.data)

.data           0x0000000020000000       0x78 load address 0x0000000008003348
                0x0000000020000000                . = ALIGN (0x4)
                0x0000000020000000                _sdata = .
 *(.data)
 *(.data*)
 .data.I3g4250Drv
                0x0000000020000000       0x34 ./Core/Src/i3g4250d.o
                0x0000000020000000                I3g4250Drv
 .data.L3gd20Drv
                0x0000000020000034       0x34 ./Core/Src/l3gd20.o
                0x0000000020000034                L3gd20Drv
 .data.SpixTimeout
                0x0000000020000068        0x4 ./Core/Src/stm32f411e_discovery.o
                0x0000000020000068                SpixTimeout
 .data.SystemCoreClock
                0x000000002000006c        0x4 ./Core/Src/system_stm32f4xx.o
                0x000000002000006c                SystemCoreClock
 .data.uwTickPrio
                0x0000000020000070        0x4 ./Drivers/STM32F4xx_HAL_Driver/Src/stm32f4xx_hal.o
                0x0000000020000070                uwTickPrio
 .data.uwTickFreq
                0x0000000020000074        0x1 ./Drivers/STM32F4xx_HAL_Driver/Src/stm32f4xx_hal.o
                0x0000000020000074                uwTickFreq
 *(.RamFunc)
 *(.RamFunc*)
                0x0000000020000078                . = ALIGN (0x4)
 *fill*         0x0000000020000075        0x3 
                0x0000000020000078                _edata = .

.igot.plt       0x0000000020000078        0x0 load address 0x00000000080033c0
 .igot.plt      0x0000000020000078        0x0 c:/st/stm32cubeide_1.12.0/stm32cubeide/plugins/com.st.stm32cube.ide.mcu.externaltools.gnu-tools-for-stm32.10.3-2021.10.win32_1.0.200.202301161003/tools/bin/../lib/gcc/arm-none-eabi/10.3.1/thumb/v7e-m+fp/hard/crtbegin.o
                0x0000000020000078                . = ALIGN (0x4)

.bss            0x0000000020000078       0x7c load address 0x00000000080033c0
                0x0000000020000078                _sbss = .
                0x0000000020000078                __bss_start__ = _sbss
 *(.bss)
 .bss           0x0000000020000078       0x1c c:/st/stm32cubeide_1.12.0/stm32cubeide/plugins/com.st.stm32cube.ide.mcu.externaltools.gnu-tools-for-stm32.10.3-2021.10.win32_1.0.200.202301161003/tools/bin/../lib/gcc/arm-none-eabi/10.3.1/thumb/v7e-m+fp/hard/crtbegin.o
 *(.bss*)
 .bss.hspi1     0x0000000020000094       0x58 ./Core/Src/main.o
                0x0000000020000094                hspi1
 .bss.GyroscopeDrv
                0x00000000200000ec        0x4 ./Core/Src/stm32f411e_discovery_gyroscope.o
 .bss.uwTick    0x00000000200000f0        0x4 ./Drivers/STM32F4xx_HAL_Driver/Src/stm32f4xx_hal.o
                0x00000000200000f0                uwTick
 *(COMMON)
                0x00000000200000f4                . = ALIGN (0x4)
                0x00000000200000f4                _ebss = .
                0x00000000200000f4                __bss_end__ = _ebss

._user_heap_stack
                0x00000000200000f4      0x604 load address 0x00000000080033c0
                0x00000000200000f8                . = ALIGN (0x8)
 *fill*         0x00000000200000f4        0x4 
                [!provide]                        PROVIDE (end = .)
                0x00000000200000f8                PROVIDE (_end = .)
                0x00000000200002f8                . = (. + _Min_Heap_Size)
 *fill*         0x00000000200000f8      0x200 
                0x00000000200006f8                . = (. + _Min_Stack_Size)
 *fill*         0x00000000200002f8      0x400 
                0x00000000200006f8                . = ALIGN (0x8)

/DISCARD/
 libc.a(*)
 libm.a(*)
 libgcc.a(*)

.ARM.attributes
                0x0000000000000000       0x30
 *(.ARM.attributes)
 .ARM.attributes
                0x0000000000000000       0x1e c:/st/stm32cubeide_1.12.0/stm32cubeide/plugins/com.st.stm32cube.ide.mcu.externaltools.gnu-tools-for-stm32.10.3-2021.10.win32_1.0.200.202301161003/tools/bin/../lib/gcc/arm-none-eabi/10.3.1/thumb/v7e-m+fp/hard/crti.o
 .ARM.attributes
                0x000000000000001e       0x34 c:/st/stm32cubeide_1.12.0/stm32cubeide/plugins/com.st.stm32cube.ide.mcu.externaltools.gnu-tools-for-stm32.10.3-2021.10.win32_1.0.200.202301161003/tools/bin/../lib/gcc/arm-none-eabi/10.3.1/thumb/v7e-m+fp/hard/crtbegin.o
 .ARM.attributes
                0x0000000000000052       0x34 ./Core/Src/i3g4250d.o
 .ARM.attributes
                0x0000000000000086       0x34 ./Core/Src/l3gd20.o
 .ARM.attributes
                0x00000000000000ba       0x34 ./Core/Src/main.o
 .ARM.attributes
                0x00000000000000ee       0x34 ./Core/Src/stm32f411e_discovery.o
 .ARM.attributes
                0x0000000000000122       0x34 ./Core/Src/stm32f411e_discovery_gyroscope.o
 .ARM.attributes
                0x0000000000000156       0x34 ./Core/Src/stm32f4xx_hal_msp.o
 .ARM.attributes
                0x000000000000018a       0x34 ./Core/Src/stm32f4xx_it.o
 .ARM.attributes
                0x00000000000001be       0x34 ./Core/Src/system_stm32f4xx.o
 .ARM.attributes
                0x00000000000001f2       0x21 ./Core/Startup/startup_stm32f411vetx.o
 .ARM.attributes
                0x0000000000000213       0x34 ./Drivers/STM32F4xx_HAL_Driver/Src/stm32f4xx_hal.o
 .ARM.attributes
                0x0000000000000247       0x34 ./Drivers/STM32F4xx_HAL_Driver/Src/stm32f4xx_hal_cortex.o
 .ARM.attributes
                0x000000000000027b       0x34 ./Drivers/STM32F4xx_HAL_Driver/Src/stm32f4xx_hal_gpio.o
 .ARM.attributes
                0x00000000000002af       0x34 ./Drivers/STM32F4xx_HAL_Driver/Src/stm32f4xx_hal_rcc.o
 .ARM.attributes
                0x00000000000002e3       0x34 ./Drivers/STM32F4xx_HAL_Driver/Src/stm32f4xx_hal_spi.o
 .ARM.attributes
                0x0000000000000317       0x34 c:/st/stm32cubeide_1.12.0/stm32cubeide/plugins/com.st.stm32cube.ide.mcu.externaltools.gnu-tools-for-stm32.10.3-2021.10.win32_1.0.200.202301161003/tools/bin/../lib/gcc/arm-none-eabi/10.3.1/../../../../arm-none-eabi/lib/thumb/v7e-m+fp/hard\libc_nano.a(lib_a-init.o)
 .ARM.attributes
                0x000000000000034b       0x34 c:/st/stm32cubeide_1.12.0/stm32cubeide/plugins/com.st.stm32cube.ide.mcu.externaltools.gnu-tools-for-stm32.10.3-2021.10.win32_1.0.200.202301161003/tools/bin/../lib/gcc/arm-none-eabi/10.3.1/../../../../arm-none-eabi/lib/thumb/v7e-m+fp/hard\libc_nano.a(lib_a-memset.o)
 .ARM.attributes
                0x000000000000037f       0x1e c:/st/stm32cubeide_1.12.0/stm32cubeide/plugins/com.st.stm32cube.ide.mcu.externaltools.gnu-tools-for-stm32.10.3-2021.10.win32_1.0.200.202301161003/tools/bin/../lib/gcc/arm-none-eabi/10.3.1/thumb/v7e-m+fp/hard\libgcc.a(_arm_muldf3.o)
 .ARM.attributes
                0x000000000000039d       0x1e c:/st/stm32cubeide_1.12.0/stm32cubeide/plugins/com.st.stm32cube.ide.mcu.externaltools.gnu-tools-for-stm32.10.3-2021.10.win32_1.0.200.202301161003/tools/bin/../lib/gcc/arm-none-eabi/10.3.1/thumb/v7e-m+fp/hard\libgcc.a(_arm_addsubdf3.o)
 .ARM.attributes
                0x00000000000003bb       0x1e c:/st/stm32cubeide_1.12.0/stm32cubeide/plugins/com.st.stm32cube.ide.mcu.externaltools.gnu-tools-for-stm32.10.3-2021.10.win32_1.0.200.202301161003/tools/bin/../lib/gcc/arm-none-eabi/10.3.1/thumb/v7e-m+fp/hard\libgcc.a(_arm_truncdfsf2.o)
 .ARM.attributes
                0x00000000000003d9       0x1e c:/st/stm32cubeide_1.12.0/stm32cubeide/plugins/com.st.stm32cube.ide.mcu.externaltools.gnu-tools-for-stm32.10.3-2021.10.win32_1.0.200.202301161003/tools/bin/../lib/gcc/arm-none-eabi/10.3.1/thumb/v7e-m+fp/hard\libgcc.a(_aeabi_uldivmod.o)
 .ARM.attributes
                0x00000000000003f7       0x34 c:/st/stm32cubeide_1.12.0/stm32cubeide/plugins/com.st.stm32cube.ide.mcu.externaltools.gnu-tools-for-stm32.10.3-2021.10.win32_1.0.200.202301161003/tools/bin/../lib/gcc/arm-none-eabi/10.3.1/thumb/v7e-m+fp/hard\libgcc.a(_udivmoddi4.o)
 .ARM.attributes
                0x000000000000042b       0x1e c:/st/stm32cubeide_1.12.0/stm32cubeide/plugins/com.st.stm32cube.ide.mcu.externaltools.gnu-tools-for-stm32.10.3-2021.10.win32_1.0.200.202301161003/tools/bin/../lib/gcc/arm-none-eabi/10.3.1/thumb/v7e-m+fp/hard\libgcc.a(_dvmd_tls.o)
 .ARM.attributes
                0x0000000000000449       0x1e c:/st/stm32cubeide_1.12.0/stm32cubeide/plugins/com.st.stm32cube.ide.mcu.externaltools.gnu-tools-for-stm32.10.3-2021.10.win32_1.0.200.202301161003/tools/bin/../lib/gcc/arm-none-eabi/10.3.1/thumb/v7e-m+fp/hard/crtn.o
OUTPUT(lab_7.elf elf32-littlearm)
LOAD linker stubs
LOAD c:/st/stm32cubeide_1.12.0/stm32cubeide/plugins/com.st.stm32cube.ide.mcu.externaltools.gnu-tools-for-stm32.10.3-2021.10.win32_1.0.200.202301161003/tools/bin/../lib/gcc/arm-none-eabi/10.3.1/../../../../arm-none-eabi/lib/thumb/v7e-m+fp/hard\libc.a
LOAD c:/st/stm32cubeide_1.12.0/stm32cubeide/plugins/com.st.stm32cube.ide.mcu.externaltools.gnu-tools-for-stm32.10.3-2021.10.win32_1.0.200.202301161003/tools/bin/../lib/gcc/arm-none-eabi/10.3.1/../../../../arm-none-eabi/lib/thumb/v7e-m+fp/hard\libm.a
LOAD c:/st/stm32cubeide_1.12.0/stm32cubeide/plugins/com.st.stm32cube.ide.mcu.externaltools.gnu-tools-for-stm32.10.3-2021.10.win32_1.0.200.202301161003/tools/bin/../lib/gcc/arm-none-eabi/10.3.1/thumb/v7e-m+fp/hard\libgcc.a

.debug_info     0x0000000000000000     0x7de3
 .debug_info    0x0000000000000000      0x505 ./Core/Src/i3g4250d.o
 .debug_info    0x0000000000000505      0x505 ./Core/Src/l3gd20.o
 .debug_info    0x0000000000000a0a      0xce4 ./Core/Src/main.o
 .debug_info    0x00000000000016ee     0x1332 ./Core/Src/stm32f411e_discovery.o
 .debug_info    0x0000000000002a20      0x454 ./Core/Src/stm32f411e_discovery_gyroscope.o
 .debug_info    0x0000000000002e74      0x9da ./Core/Src/stm32f4xx_hal_msp.o
 .debug_info    0x000000000000384e      0x121 ./Core/Src/stm32f4xx_it.o
 .debug_info    0x000000000000396f      0x54f ./Core/Src/system_stm32f4xx.o
 .debug_info    0x0000000000003ebe       0x22 ./Core/Startup/startup_stm32f411vetx.o
 .debug_info    0x0000000000003ee0      0x90d ./Drivers/STM32F4xx_HAL_Driver/Src/stm32f4xx_hal.o
 .debug_info    0x00000000000047ed      0xd8b ./Drivers/STM32F4xx_HAL_Driver/Src/stm32f4xx_hal_cortex.o
 .debug_info    0x0000000000005578      0x78e ./Drivers/STM32F4xx_HAL_Driver/Src/stm32f4xx_hal_gpio.o
 .debug_info    0x0000000000005d06      0x98d ./Drivers/STM32F4xx_HAL_Driver/Src/stm32f4xx_hal_rcc.o
 .debug_info    0x0000000000006693     0x1750 ./Drivers/STM32F4xx_HAL_Driver/Src/stm32f4xx_hal_spi.o

.debug_abbrev   0x0000000000000000     0x1a39
 .debug_abbrev  0x0000000000000000      0x1fa ./Core/Src/i3g4250d.o
 .debug_abbrev  0x00000000000001fa      0x1fa ./Core/Src/l3gd20.o
 .debug_abbrev  0x00000000000003f4      0x243 ./Core/Src/main.o
 .debug_abbrev  0x0000000000000637      0x340 ./Core/Src/stm32f411e_discovery.o
 .debug_abbrev  0x0000000000000977      0x162 ./Core/Src/stm32f411e_discovery_gyroscope.o
 .debug_abbrev  0x0000000000000ad9      0x194 ./Core/Src/stm32f4xx_hal_msp.o
 .debug_abbrev  0x0000000000000c6d       0x74 ./Core/Src/stm32f4xx_it.o
 .debug_abbrev  0x0000000000000ce1      0x116 ./Core/Src/system_stm32f4xx.o
 .debug_abbrev  0x0000000000000df7       0x12 ./Core/Startup/startup_stm32f411vetx.o
 .debug_abbrev  0x0000000000000e09      0x23e ./Drivers/STM32F4xx_HAL_Driver/Src/stm32f4xx_hal.o
 .debug_abbrev  0x0000000000001047      0x316 ./Drivers/STM32F4xx_HAL_Driver/Src/stm32f4xx_hal_cortex.o
 .debug_abbrev  0x000000000000135d      0x1c4 ./Drivers/STM32F4xx_HAL_Driver/Src/stm32f4xx_hal_gpio.o
 .debug_abbrev  0x0000000000001521      0x2aa ./Drivers/STM32F4xx_HAL_Driver/Src/stm32f4xx_hal_rcc.o
 .debug_abbrev  0x00000000000017cb      0x26e ./Drivers/STM32F4xx_HAL_Driver/Src/stm32f4xx_hal_spi.o

.debug_aranges  0x0000000000000000      0x7e0
 .debug_aranges
                0x0000000000000000       0x78 ./Core/Src/i3g4250d.o
 .debug_aranges
                0x0000000000000078       0x78 ./Core/Src/l3gd20.o
 .debug_aranges
                0x00000000000000f0       0x40 ./Core/Src/main.o
 .debug_aranges
                0x0000000000000130       0xc8 ./Core/Src/stm32f411e_discovery.o
 .debug_aranges
                0x00000000000001f8       0x50 ./Core/Src/stm32f411e_discovery_gyroscope.o
 .debug_aranges
                0x0000000000000248       0x30 ./Core/Src/stm32f4xx_hal_msp.o
 .debug_aranges
                0x0000000000000278       0x60 ./Core/Src/stm32f4xx_it.o
 .debug_aranges
                0x00000000000002d8       0x28 ./Core/Src/system_stm32f4xx.o
 .debug_aranges
                0x0000000000000300       0x28 ./Core/Startup/startup_stm32f411vetx.o
 .debug_aranges
                0x0000000000000328       0xf0 ./Drivers/STM32F4xx_HAL_Driver/Src/stm32f4xx_hal.o
 .debug_aranges
                0x0000000000000418      0x118 ./Drivers/STM32F4xx_HAL_Driver/Src/stm32f4xx_hal_cortex.o
 .debug_aranges
                0x0000000000000530       0x58 ./Drivers/STM32F4xx_HAL_Driver/Src/stm32f4xx_hal_gpio.o
 .debug_aranges
                0x0000000000000588       0x88 ./Drivers/STM32F4xx_HAL_Driver/Src/stm32f4xx_hal_rcc.o
 .debug_aranges
                0x0000000000000610      0x1d0 ./Drivers/STM32F4xx_HAL_Driver/Src/stm32f4xx_hal_spi.o

.debug_ranges   0x0000000000000000      0x708
 .debug_ranges  0x0000000000000000       0x68 ./Core/Src/i3g4250d.o
 .debug_ranges  0x0000000000000068       0x68 ./Core/Src/l3gd20.o
 .debug_ranges  0x00000000000000d0       0x30 ./Core/Src/main.o
 .debug_ranges  0x0000000000000100       0xb8 ./Core/Src/stm32f411e_discovery.o
 .debug_ranges  0x00000000000001b8       0x40 ./Core/Src/stm32f411e_discovery_gyroscope.o
 .debug_ranges  0x00000000000001f8       0x20 ./Core/Src/stm32f4xx_hal_msp.o
 .debug_ranges  0x0000000000000218       0x50 ./Core/Src/stm32f4xx_it.o
 .debug_ranges  0x0000000000000268       0x18 ./Core/Src/system_stm32f4xx.o
 .debug_ranges  0x0000000000000280       0x20 ./Core/Startup/startup_stm32f411vetx.o
 .debug_ranges  0x00000000000002a0       0xe0 ./Drivers/STM32F4xx_HAL_Driver/Src/stm32f4xx_hal.o
 .debug_ranges  0x0000000000000380      0x108 ./Drivers/STM32F4xx_HAL_Driver/Src/stm32f4xx_hal_cortex.o
 .debug_ranges  0x0000000000000488       0x48 ./Drivers/STM32F4xx_HAL_Driver/Src/stm32f4xx_hal_gpio.o
 .debug_ranges  0x00000000000004d0       0x78 ./Drivers/STM32F4xx_HAL_Driver/Src/stm32f4xx_hal_rcc.o
 .debug_ranges  0x0000000000000548      0x1c0 ./Drivers/STM32F4xx_HAL_Driver/Src/stm32f4xx_hal_spi.o

.debug_macro    0x0000000000000000    0x156fc
 .debug_macro   0x0000000000000000       0x7c ./Core/Src/i3g4250d.o
 .debug_macro   0x000000000000007c      0xa78 ./Core/Src/i3g4250d.o
 .debug_macro   0x0000000000000af4       0x22 ./Core/Src/i3g4250d.o
 .debug_macro   0x0000000000000b16       0x8e ./Core/Src/i3g4250d.o
 .debug_macro   0x0000000000000ba4       0x51 ./Core/Src/i3g4250d.o
 .debug_macro   0x0000000000000bf5      0x103 ./Core/Src/i3g4250d.o
 .debug_macro   0x0000000000000cf8       0x6a ./Core/Src/i3g4250d.o
 .debug_macro   0x0000000000000d62      0x1df ./Core/Src/i3g4250d.o
 .debug_macro   0x0000000000000f41      0x203 ./Core/Src/i3g4250d.o
 .debug_macro   0x0000000000001144       0x7c ./Core/Src/l3gd20.o
 .debug_macro   0x00000000000011c0      0x209 ./Core/Src/l3gd20.o
 .debug_macro   0x00000000000013c9      0x1fd ./Core/Src/main.o
 .debug_macro   0x00000000000015c6      0x295 ./Core/Src/main.o
 .debug_macro   0x000000000000185b       0x2e ./Core/Src/main.o
 .debug_macro   0x0000000000001889       0x28 ./Core/Src/main.o
 .debug_macro   0x00000000000018b1       0x1c ./Core/Src/main.o
 .debug_macro   0x00000000000018cd       0x22 ./Core/Src/main.o
 .debug_macro   0x00000000000018ef       0xd9 ./Core/Src/main.o
 .debug_macro   0x00000000000019c8     0x102d ./Core/Src/main.o
 .debug_macro   0x00000000000029f5      0x11f ./Core/Src/main.o
 .debug_macro   0x0000000000002b14     0xb953 ./Core/Src/main.o
 .debug_macro   0x000000000000e467       0x6d ./Core/Src/main.o
 .debug_macro   0x000000000000e4d4     0x367e ./Core/Src/main.o
 .debug_macro   0x0000000000011b52      0x174 ./Core/Src/main.o
 .debug_macro   0x0000000000011cc6       0x5c ./Core/Src/main.o
 .debug_macro   0x0000000000011d22      0x447 ./Core/Src/main.o
 .debug_macro   0x0000000000012169      0x9fe ./Core/Src/main.o
 .debug_macro   0x0000000000012b67      0x115 ./Core/Src/main.o
 .debug_macro   0x0000000000012c7c      0x11b ./Core/Src/main.o
 .debug_macro   0x0000000000012d97       0xa5 ./Core/Src/main.o
 .debug_macro   0x0000000000012e3c      0x15f ./Core/Src/main.o
 .debug_macro   0x0000000000012f9b      0x287 ./Core/Src/main.o
 .debug_macro   0x0000000000013222       0x5f ./Core/Src/main.o
 .debug_macro   0x0000000000013281      0x236 ./Core/Src/main.o
 .debug_macro   0x00000000000134b7      0x132 ./Core/Src/main.o
 .debug_macro   0x00000000000135e9      0x264 ./Core/Src/main.o
 .debug_macro   0x000000000001384d       0x2e ./Core/Src/main.o
 .debug_macro   0x000000000001387b      0x11a ./Core/Src/main.o
 .debug_macro   0x0000000000013995       0x85 ./Core/Src/main.o
 .debug_macro   0x0000000000013a1a       0x89 ./Core/Src/main.o
 .debug_macro   0x0000000000013aa3      0x225 ./Core/Src/main.o
 .debug_macro   0x0000000000013cc8      0x126 ./Core/Src/main.o
 .debug_macro   0x0000000000013dee      0x24f ./Core/Src/main.o
 .debug_macro   0x000000000001403d      0x209 ./Core/Src/main.o
 .debug_macro   0x0000000000014246      0x1f1 ./Core/Src/stm32f411e_discovery.o
 .debug_macro   0x0000000000014437      0x249 ./Core/Src/stm32f411e_discovery.o
 .debug_macro   0x0000000000014680      0x1f5 ./Core/Src/stm32f411e_discovery_gyroscope.o
 .debug_macro   0x0000000000014875      0x1c4 ./Core/Src/stm32f4xx_hal_msp.o
 .debug_macro   0x0000000000014a39      0x1ce ./Core/Src/stm32f4xx_it.o
 .debug_macro   0x0000000000014c07      0x1ba ./Core/Src/system_stm32f4xx.o
 .debug_macro   0x0000000000014dc1      0x21a ./Drivers/STM32F4xx_HAL_Driver/Src/stm32f4xx_hal.o
 .debug_macro   0x0000000000014fdb      0x1ba ./Drivers/STM32F4xx_HAL_Driver/Src/stm32f4xx_hal_cortex.o
 .debug_macro   0x0000000000015195      0x1c0 ./Drivers/STM32F4xx_HAL_Driver/Src/stm32f4xx_hal_gpio.o
 .debug_macro   0x0000000000015355      0x1de ./Drivers/STM32F4xx_HAL_Driver/Src/stm32f4xx_hal_rcc.o
 .debug_macro   0x0000000000015533      0x1c9 ./Drivers/STM32F4xx_HAL_Driver/Src/stm32f4xx_hal_spi.o

.debug_line     0x0000000000000000     0x85f2
 .debug_line    0x0000000000000000      0x634 ./Core/Src/i3g4250d.o
 .debug_line    0x0000000000000634      0x630 ./Core/Src/l3gd20.o
 .debug_line    0x0000000000000c64      0x80f ./Core/Src/main.o
 .debug_line    0x0000000000001473      0x9b2 ./Core/Src/stm32f411e_discovery.o
 .debug_line    0x0000000000001e25      0x8b8 ./Core/Src/stm32f411e_discovery_gyroscope.o
 .debug_line    0x00000000000026dd      0x6de ./Core/Src/stm32f4xx_hal_msp.o
 .debug_line    0x0000000000002dbb      0x754 ./Core/Src/stm32f4xx_it.o
 .debug_line    0x000000000000350f      0x713 ./Core/Src/system_stm32f4xx.o
 .debug_line    0x0000000000003c22       0x88 ./Core/Startup/startup_stm32f411vetx.o
 .debug_line    0x0000000000003caa      0x979 ./Drivers/STM32F4xx_HAL_Driver/Src/stm32f4xx_hal.o
 .debug_line    0x0000000000004623      0xc28 ./Drivers/STM32F4xx_HAL_Driver/Src/stm32f4xx_hal_cortex.o
 .debug_line    0x000000000000524b      0xab1 ./Drivers/STM32F4xx_HAL_Driver/Src/stm32f4xx_hal_gpio.o
 .debug_line    0x0000000000005cfc      0xcf3 ./Drivers/STM32F4xx_HAL_Driver/Src/stm32f4xx_hal_rcc.o
 .debug_line    0x00000000000069ef     0x1c03 ./Drivers/STM32F4xx_HAL_Driver/Src/stm32f4xx_hal_spi.o

.debug_str      0x0000000000000000    0x83b24
 .debug_str     0x0000000000000000     0x475b ./Core/Src/i3g4250d.o
                                       0x492d (size before relaxing)
 .debug_str     0x000000000000475b      0xb36 ./Core/Src/l3gd20.o
                                       0x4891 (size before relaxing)
 .debug_str     0x0000000000005291    0x7ca86 ./Core/Src/main.o
                                      0x81d24 (size before relaxing)
 .debug_str     0x0000000000081d17      0x7ee ./Core/Src/stm32f411e_discovery.o
                                      0x80e9f (size before relaxing)
 .debug_str     0x0000000000082505      0x209 ./Core/Src/stm32f411e_discovery_gyroscope.o
                                      0x817b8 (size before relaxing)
 .debug_str     0x000000000008270e       0x5e ./Core/Src/stm32f4xx_hal_msp.o
                                      0x7f631 (size before relaxing)
 .debug_str     0x000000000008276c       0xc9 ./Core/Src/stm32f4xx_it.o
                                      0x7f0aa (size before relaxing)
 .debug_str     0x0000000000082835       0xdb ./Core/Src/system_stm32f4xx.o
                                      0x7f1e6 (size before relaxing)
 .debug_str     0x0000000000082910       0x36 ./Core/Startup/startup_stm32f411vetx.o
                                         0x6e (size before relaxing)
 .debug_str     0x0000000000082946      0x603 ./Drivers/STM32F4xx_HAL_Driver/Src/stm32f4xx_hal.o
                                      0x7fc12 (size before relaxing)
 .debug_str     0x0000000000082f49      0x341 ./Drivers/STM32F4xx_HAL_Driver/Src/stm32f4xx_hal_cortex.o
                                      0x7f933 (size before relaxing)
 .debug_str     0x000000000008328a       0xfd ./Drivers/STM32F4xx_HAL_Driver/Src/stm32f4xx_hal_gpio.o
                                      0x7f361 (size before relaxing)
 .debug_str     0x0000000000083387      0x233 ./Drivers/STM32F4xx_HAL_Driver/Src/stm32f4xx_hal_rcc.o
                                      0x7f61a (size before relaxing)
 .debug_str     0x00000000000835ba      0x56a ./Drivers/STM32F4xx_HAL_Driver/Src/stm32f4xx_hal_spi.o
                                      0x7fa98 (size before relaxing)

.comment        0x0000000000000000       0x50
 .comment       0x0000000000000000       0x50 ./Core/Src/i3g4250d.o
                                         0x51 (size before relaxing)
 .comment       0x0000000000000050       0x51 ./Core/Src/l3gd20.o
 .comment       0x0000000000000050       0x51 ./Core/Src/main.o
 .comment       0x0000000000000050       0x51 ./Core/Src/stm32f411e_discovery.o
 .comment       0x0000000000000050       0x51 ./Core/Src/stm32f411e_discovery_gyroscope.o
 .comment       0x0000000000000050       0x51 ./Core/Src/stm32f4xx_hal_msp.o
 .comment       0x0000000000000050       0x51 ./Core/Src/stm32f4xx_it.o
 .comment       0x0000000000000050       0x51 ./Core/Src/system_stm32f4xx.o
 .comment       0x0000000000000050       0x51 ./Drivers/STM32F4xx_HAL_Driver/Src/stm32f4xx_hal.o
 .comment       0x0000000000000050       0x51 ./Drivers/STM32F4xx_HAL_Driver/Src/stm32f4xx_hal_cortex.o
 .comment       0x0000000000000050       0x51 ./Drivers/STM32F4xx_HAL_Driver/Src/stm32f4xx_hal_gpio.o
 .comment       0x0000000000000050       0x51 ./Drivers/STM32F4xx_HAL_Driver/Src/stm32f4xx_hal_rcc.o
 .comment       0x0000000000000050       0x51 ./Drivers/STM32F4xx_HAL_Driver/Src/stm32f4xx_hal_spi.o

.debug_frame    0x0000000000000000     0x1f30
 .debug_frame   0x0000000000000000      0x1bc ./Core/Src/i3g4250d.o
 .debug_frame   0x00000000000001bc      0x1bc ./Core/Src/l3gd20.o
 .debug_frame   0x0000000000000378       0xac ./Core/Src/main.o
 .debug_frame   0x0000000000000424      0x310 ./Core/Src/stm32f411e_discovery.o
 .debug_frame   0x0000000000000734      0x104 ./Core/Src/stm32f411e_discovery_gyroscope.o
 .debug_frame   0x0000000000000838       0x80 ./Core/Src/stm32f4xx_hal_msp.o
 .debug_frame   0x00000000000008b8      0x104 ./Core/Src/stm32f4xx_it.o
 .debug_frame   0x00000000000009bc       0x58 ./Core/Src/system_stm32f4xx.o
 .debug_frame   0x0000000000000a14      0x374 ./Drivers/STM32F4xx_HAL_Driver/Src/stm32f4xx_hal.o
 .debug_frame   0x0000000000000d88      0x498 ./Drivers/STM32F4xx_HAL_Driver/Src/stm32f4xx_hal_cortex.o
 .debug_frame   0x0000000000001220      0x14c ./Drivers/STM32F4xx_HAL_Driver/Src/stm32f4xx_hal_gpio.o
 .debug_frame   0x000000000000136c      0x1f4 ./Drivers/STM32F4xx_HAL_Driver/Src/stm32f4xx_hal_rcc.o
 .debug_frame   0x0000000000001560      0x824 ./Drivers/STM32F4xx_HAL_Driver/Src/stm32f4xx_hal_spi.o
 .debug_frame   0x0000000000001d84       0x2c c:/st/stm32cubeide_1.12.0/stm32cubeide/plugins/com.st.stm32cube.ide.mcu.externaltools.gnu-tools-for-stm32.10.3-2021.10.win32_1.0.200.202301161003/tools/bin/../lib/gcc/arm-none-eabi/10.3.1/../../../../arm-none-eabi/lib/thumb/v7e-m+fp/hard\libc_nano.a(lib_a-init.o)
 .debug_frame   0x0000000000001db0       0x20 c:/st/stm32cubeide_1.12.0/stm32cubeide/plugins/com.st.stm32cube.ide.mcu.externaltools.gnu-tools-for-stm32.10.3-2021.10.win32_1.0.200.202301161003/tools/bin/../lib/gcc/arm-none-eabi/10.3.1/../../../../arm-none-eabi/lib/thumb/v7e-m+fp/hard\libc_nano.a(lib_a-memset.o)
 .debug_frame   0x0000000000001dd0       0x30 c:/st/stm32cubeide_1.12.0/stm32cubeide/plugins/com.st.stm32cube.ide.mcu.externaltools.gnu-tools-for-stm32.10.3-2021.10.win32_1.0.200.202301161003/tools/bin/../lib/gcc/arm-none-eabi/10.3.1/thumb/v7e-m+fp/hard\libgcc.a(_arm_muldf3.o)
 .debug_frame   0x0000000000001e00       0xac c:/st/stm32cubeide_1.12.0/stm32cubeide/plugins/com.st.stm32cube.ide.mcu.externaltools.gnu-tools-for-stm32.10.3-2021.10.win32_1.0.200.202301161003/tools/bin/../lib/gcc/arm-none-eabi/10.3.1/thumb/v7e-m+fp/hard\libgcc.a(_arm_addsubdf3.o)
 .debug_frame   0x0000000000001eac       0x24 c:/st/stm32cubeide_1.12.0/stm32cubeide/plugins/com.st.stm32cube.ide.mcu.externaltools.gnu-tools-for-stm32.10.3-2021.10.win32_1.0.200.202301161003/tools/bin/../lib/gcc/arm-none-eabi/10.3.1/thumb/v7e-m+fp/hard\libgcc.a(_arm_truncdfsf2.o)
 .debug_frame   0x0000000000001ed0       0x2c c:/st/stm32cubeide_1.12.0/stm32cubeide/plugins/com.st.stm32cube.ide.mcu.externaltools.gnu-tools-for-stm32.10.3-2021.10.win32_1.0.200.202301161003/tools/bin/../lib/gcc/arm-none-eabi/10.3.1/thumb/v7e-m+fp/hard\libgcc.a(_aeabi_uldivmod.o)
 .debug_frame   0x0000000000001efc       0x34 c:/st/stm32cubeide_1.12.0/stm32cubeide/plugins/com.st.stm32cube.ide.mcu.externaltools.gnu-tools-for-stm32.10.3-2021.10.win32_1.0.200.202301161003/tools/bin/../lib/gcc/arm-none-eabi/10.3.1/thumb/v7e-m+fp/hard\libgcc.a(_udivmoddi4.o)
